{"code":"(this[\"webpackJsonp@dev-book/local-client\"]=this[\"webpackJsonp@dev-book/local-client\"]||[]).push([[162],{339:function(m,e){Prism.languages.git={comment:/^#.*/m,deleted:/^[-\\u2013].*/m,inserted:/^\\+.*/m,string:/(\"|')(?:\\\\.|(?!\\1)[^\\\\\\r\\n])*\\1/m,command:{pattern:/^.*\\$ git .*$/m,inside:{parameter:/\\s--?\\w+/m}},coord:/^@@.*@@$/m,\"commit-sha1\":/^commit \\w{40}$/m}}}]);","name":"static/js/162.11479423.chunk.js","map":{"version":3,"names":["this","push","module","exports","Prism","languages","git","comment","deleted","inserted","string","command","pattern","inside","parameter","coord"],"sources":["static/js/162.11479423.chunk.js"],"mappings":"CAACA,KAAK,sCAAwCA,KAAK,uCAAyC,IAAIC,KAAK,CAAC,CAAC,KAAK,CAEtG,IACA,SAAUC,EAAQC,GAExBC,MAAMC,UAAUC,IAAM,CAUpBC,QAAW,QAIXC,QAAW,gBACXC,SAAY,SAIZC,OAAU,mCAMVC,QAAW,CACTC,QAAS,iBACTC,OAAQ,CAONC,UAAa,cAgBjBC,MAAS,YAWT,cAAe,mBAGV"},"input":"(this[\"webpackJsonp@dev-book/local-client\"] = this[\"webpackJsonp@dev-book/local-client\"] || []).push([[162],{\n\n/***/ 339:\n/***/ (function(module, exports) {\n\nPrism.languages.git = {\n  /*\n   * A simple one line comment like in a git status command\n   * For instance:\n   * $ git status\n   * # On branch infinite-scroll\n   * # Your branch and 'origin/sharedBranches/frontendTeam/infinite-scroll' have diverged,\n   * # and have 1 and 2 different commits each, respectively.\n   * nothing to commit (working directory clean)\n   */\n  'comment': /^#.*/m,\n  /*\n   * Regexp to match the changed lines in a git diff output. Check the example below.\n   */\n  'deleted': /^[-–].*/m,\n  'inserted': /^\\+.*/m,\n  /*\n   * a string (double and simple quote)\n   */\n  'string': /(\"|')(?:\\\\.|(?!\\1)[^\\\\\\r\\n])*\\1/m,\n  /*\n   * a git command. It starts with a random prompt finishing by a $, then \"git\" then some other parameters\n   * For instance:\n   * $ git add file.txt\n   */\n  'command': {\n    pattern: /^.*\\$ git .*$/m,\n    inside: {\n      /*\n       * A git command can contain a parameter starting by a single or a double dash followed by a string\n       * For instance:\n       * $ git diff --cached\n       * $ git log -p\n       */\n      'parameter': /\\s--?\\w+/m\n    }\n  },\n  /*\n   * Coordinates displayed in a git diff command\n   * For instance:\n   * $ git diff\n   * diff --git file.txt file.txt\n   * index 6214953..1d54a52 100644\n   * --- file.txt\n   * +++ file.txt\n   * @@ -1 +1,2 @@\n   * -Here's my tetx file\n   * +Here's my text file\n   * +And this is the second line\n   */\n  'coord': /^@@.*@@$/m,\n  /*\n   * Match a \"commit [SHA1]\" line in a git log output.\n   * For instance:\n   * $ git log\n   * commit a11a14ef7e26f2ca62d4b35eac455ce636d0dc09\n   * Author: lgiraudel\n   * Date:   Mon Feb 17 11:18:34 2014 +0100\n   *\n   *     Add of a new line\n   */\n  'commit-sha1': /^commit \\w{40}$/m\n};\n\n/***/ })\n\n}]);","inputSourceMap":{"version":3,"sources":["C:/Users/Acer/Desktop/dev__book/dev__book/node_modules/prismjs/components/prism-git.js"],"names":["Prism","languages","git","pattern","inside"],"mappings":";;;;;AAAAA,KAAK,CAACC,SAAS,CAACC,GAAG,GAAG;EACrB;AACD;AACA;AACA;AACA;AACA;AACA;AACA;AACA;EACC,SAAS,EAAE,OAAO;EAElB;AACD;AACA;EACC,SAAS,EAAE,UAAU;EACrB,UAAU,EAAE,QAAQ;EAEpB;AACD;AACA;EACC,QAAQ,EAAE,kCAAkC;EAE5C;AACD;AACA;AACA;AACA;EACC,SAAS,EAAE;IACVC,OAAO,EAAE,gBAAgB;IACzBC,MAAM,EAAE;MACP;AACH;AACA;AACA;AACA;AACA;MACG,WAAW,EAAE;IACd;EACD,CAAC;EAED;AACD;AACA;AACA;AACA;AACA;AACA;AACA;AACA;AACA;AACA;AACA;AACA;EACC,OAAO,EAAE,WAAW;EAEpB;AACD;AACA;AACA;AACA;AACA;AACA;AACA;AACA;AACA;EACC,aAAa,EAAE;AAChB,CAAC,C","file":"x","sourcesContent":["Prism.languages.git = {\n\t/*\n\t * A simple one line comment like in a git status command\n\t * For instance:\n\t * $ git status\n\t * # On branch infinite-scroll\n\t * # Your branch and 'origin/sharedBranches/frontendTeam/infinite-scroll' have diverged,\n\t * # and have 1 and 2 different commits each, respectively.\n\t * nothing to commit (working directory clean)\n\t */\n\t'comment': /^#.*/m,\n\n\t/*\n\t * Regexp to match the changed lines in a git diff output. Check the example below.\n\t */\n\t'deleted': /^[-–].*/m,\n\t'inserted': /^\\+.*/m,\n\n\t/*\n\t * a string (double and simple quote)\n\t */\n\t'string': /(\"|')(?:\\\\.|(?!\\1)[^\\\\\\r\\n])*\\1/m,\n\n\t/*\n\t * a git command. It starts with a random prompt finishing by a $, then \"git\" then some other parameters\n\t * For instance:\n\t * $ git add file.txt\n\t */\n\t'command': {\n\t\tpattern: /^.*\\$ git .*$/m,\n\t\tinside: {\n\t\t\t/*\n\t\t\t * A git command can contain a parameter starting by a single or a double dash followed by a string\n\t\t\t * For instance:\n\t\t\t * $ git diff --cached\n\t\t\t * $ git log -p\n\t\t\t */\n\t\t\t'parameter': /\\s--?\\w+/m\n\t\t}\n\t},\n\n\t/*\n\t * Coordinates displayed in a git diff command\n\t * For instance:\n\t * $ git diff\n\t * diff --git file.txt file.txt\n\t * index 6214953..1d54a52 100644\n\t * --- file.txt\n\t * +++ file.txt\n\t * @@ -1 +1,2 @@\n\t * -Here's my tetx file\n\t * +Here's my text file\n\t * +And this is the second line\n\t */\n\t'coord': /^@@.*@@$/m,\n\n\t/*\n\t * Match a \"commit [SHA1]\" line in a git log output.\n\t * For instance:\n\t * $ git log\n\t * commit a11a14ef7e26f2ca62d4b35eac455ce636d0dc09\n\t * Author: lgiraudel\n\t * Date:   Mon Feb 17 11:18:34 2014 +0100\n\t *\n\t *     Add of a new line\n\t */\n\t'commit-sha1': /^commit \\w{40}$/m\n};\n"]}}